// Jest Snapshot v1, https://goo.gl/fbAQLP

exports[`<Loading /> should render Loading component 1`] = `
<div>
  <p>
    Carregando...
  </p>
</div>
`;
